[LOG] FMOD_System_Create                       : Header version = 2.03.08. Current version = 2.03.08.
[LOG] system_create                            : Header version = 2.03.08. Current version = 2.03.08.
[LOG] Manager::init                            : maxchannels = 256 studioflags = 00000006 flags 00000000 extradriverdata 0000000000000000.
[LOG] SystemI::init                            : Initialize version=20308 (153137), maxchannels=256, flags=0x00020000
[LOG] SystemI::setOutputInternal               : Setting output to 'FMOD WASAPI Output'
[LOG] OutputWASAPI::init                       : Mix Format (WAVEFORMATEX): wFormatTag=0xFFFE, nChannels=2, nSamplesPerSec=48000, nAvgBytesPerSec=384000, nBlockAlign=8, wBitsPerSample=32, cbSize=22.
[LOG] OutputWASAPI::init                       : Mix Format (WAVEFORMATEXTENSIBLE): wValidBitsPerSample=32, dwChannelMask=0x00000003, SubFormat=00000003-0000-0010-8000-00AA00389B71.
[LOG] OutputWASAPI::init                       : Output buffer size: 2048 samples, latency: 0.00ms, period: 10.67ms, DSP buffer: 512 * 4
[LOG] Thread::initThread                       : Init FMOD stream thread. Affinity: 0x4000000000000003, Priority: 0xFFFF7FFB, Stack Size: 98304, Semaphore: No, Sleep Time: 10, Looping: Yes.
[LOG] SystemI::DSPCodecPoolRegister            : register codec pool for pool type 0
[LOG] Thread::initThread                       : Init FMOD mixer thread. Affinity: 0x4000000000000001, Priority: 0xFFFF7FFA, Stack Size: 81920, Semaphore: No, Sleep Time: 0, Looping: Yes.
[LOG] AsyncManager::init                       : manager 000001C7489D6798 isAsync 0 updatePeriod 0.02
[LOG] AsyncManager::init                       : done
[LOG] PlaybackSystem::init                     : 
[LOG] Thread::initThread                       : Init FMOD Studio sample load thread. Affinity: 0x4000000000000003, Priority: 0xFFFF7FFD, Stack Size: 98304, Semaphore: No, Sleep Time: 1, Looping: No.
[LOG] PlaybackSystem::init                     : done
[LOG] Thread::initThread                       : Init FMOD Studio bank load thread. Affinity: 0x4000000000000003, Priority: 0xFFFF7FFD, Stack Size: 98304, Semaphore: No, Sleep Time: 1, Looping: No.
[LOG] Manager::init                            : done.
[LOG] BankLoader::serializeBank                : fileversion = 142, compatVersion = 140 (oldest = 44, newest = 146)
[LOG] BankLoader::serializeBank                : fileversion = 142, compatVersion = 140 (oldest = 44, newest = 146)
[LOG] PlaybackSystem::acquireMasterBus         : Setting master channel group format to 6
[LOG] SystemI::createSoundInternal             : Create name='', mode=0x02000202
[LOG] SystemI::createSoundInternal             : exinfo->cbsize             = 224
[LOG] SystemI::createSoundInternal             : exinfo->length             = 3846496
[LOG] SystemI::createSoundInternal             : exinfo->fileoffset         = 52448
[LOG] SystemI::createSoundInternal             : exinfo->numsubsounds       = 1
[LOG] SystemI::createSoundInternal             : exinfo->inclusionlist      = 0000003633A4EC58
[LOG] SystemI::createSoundInternal             : exinfo->inclusionlistnum   = 1
[LOG] SystemI::createSoundInternal             : exinfo->suggestedsoundtype = 5
[LOG] SystemI::createSoundInternal             : exinfo->useropen           = 00007FFE1308D480
[LOG] SystemI::createSoundInternal             : exinfo->userclose          = 00007FFE1308D440
[LOG] SystemI::createSoundInternal             : exinfo->userread           = 00007FFE1308D560
[LOG] SystemI::createSoundInternal             : exinfo->userseek           = 00007FFE1308D620
[LOG] SystemI::createSoundInternal             : exinfo->fileuserdata       = 000001C70D6B97E8
[LOG] SystemI::createSoundInternal             : exinfo->initialseekpostype = 1
[LOG] SystemI::DSPCodecPoolRegister            : register codec pool for pool type 4
[LOG] SystemI::createSoundInternal             : Sample 0/1: name='sfx_cyan_tile_wave_strong_var_2', format=5, channels=2, frequency=48000, lengthbytes=23104, lengthpcm=72000, pcmblocksize=0, loopstart=0, loopend=0, mode=0x00000000, channelmask=0x00000000, channelorder=0, peakvolume=0.283541.
[LOG] SystemI::createSoundInternal             : Create name='', mode=0x02000202
[LOG] SystemI::createSoundInternal             : exinfo->cbsize             = 224
[LOG] SystemI::createSoundInternal             : exinfo->length             = 3846496
[LOG] SystemI::createSoundInternal             : exinfo->fileoffset         = 52448
[LOG] SystemI::createSoundInternal             : exinfo->numsubsounds       = 1
[LOG] SystemI::createSoundInternal             : exinfo->inclusionlist      = 0000003633A4EC58
[LOG] SystemI::createSoundInternal             : exinfo->inclusionlistnum   = 1
[LOG] SystemI::createSoundInternal             : exinfo->suggestedsoundtype = 5
[LOG] SystemI::createSoundInternal             : exinfo->useropen           = 00007FFE1308D480
[LOG] SystemI::createSoundInternal             : exinfo->userclose          = 00007FFE1308D440
[LOG] SystemI::createSoundInternal             : exinfo->userread           = 00007FFE1308D560
[LOG] SystemI::createSoundInternal             : exinfo->userseek           = 00007FFE1308D620
[LOG] SystemI::createSoundInternal             : exinfo->fileuserdata       = 000001C70D6B97E8
[LOG] SystemI::createSoundInternal             : exinfo->initialseekpostype = 1
[LOG] SystemI::DSPCodecPoolRegister            : register codec pool for pool type 4
[LOG] SystemI::createSoundInternal             : Sample 0/1: name='sfx_cyan_tile_wave_normal_var_2', format=5, channels=2, frequency=48000, lengthbytes=23296, lengthpcm=72000, pcmblocksize=0, loopstart=0, loopend=0, mode=0x00000000, channelmask=0x00000000, channelorder=0, peakvolume=0.307546.
[LOG] SystemI::createSoundInternal             : Create name='', mode=0x02000202
[LOG] SystemI::createSoundInternal             : exinfo->cbsize             = 224
[LOG] SystemI::createSoundInternal             : exinfo->length             = 3846496
[LOG] SystemI::createSoundInternal             : exinfo->fileoffset         = 52448
[LOG] SystemI::createSoundInternal             : exinfo->numsubsounds       = 1
[LOG] SystemI::createSoundInternal             : exinfo->inclusionlist      = 0000003633A4EC58
[LOG] SystemI::createSoundInternal             : exinfo->inclusionlistnum   = 1
[LOG] SystemI::createSoundInternal             : exinfo->suggestedsoundtype = 5
[LOG] SystemI::createSoundInternal             : exinfo->useropen           = 00007FFE1308D480
[LOG] SystemI::createSoundInternal             : exinfo->userclose          = 00007FFE1308D440
[LOG] SystemI::createSoundInternal             : exinfo->userread           = 00007FFE1308D560
[LOG] SystemI::createSoundInternal             : exinfo->userseek           = 00007FFE1308D620
[LOG] SystemI::createSoundInternal             : exinfo->fileuserdata       = 000001C70D6B97E8
[LOG] SystemI::createSoundInternal             : exinfo->initialseekpostype = 1
[LOG] SystemI::DSPCodecPoolRegister            : register codec pool for pool type 4
[LOG] SystemI::createSoundInternal             : Sample 0/1: name='sfx_cyan_tile_wave_strong_var_1', format=5, channels=2, frequency=48000, lengthbytes=23584, lengthpcm=72000, pcmblocksize=0, loopstart=0, loopend=0, mode=0x00000000, channelmask=0x00000000, channelorder=0, peakvolume=0.264936.
[LOG] SystemI::createSoundInternal             : Create name='', mode=0x02000202
[LOG] SystemI::createSoundInternal             : exinfo->cbsize             = 224
[LOG] SystemI::createSoundInternal             : exinfo->length             = 3846496
[LOG] SystemI::createSoundInternal             : exinfo->fileoffset         = 52448
[LOG] SystemI::createSoundInternal             : exinfo->numsubsounds       = 1
[LOG] SystemI::createSoundInternal             : exinfo->inclusionlist      = 0000003633A4EC58
[LOG] SystemI::createSoundInternal             : exinfo->inclusionlistnum   = 1
[LOG] SystemI::createSoundInternal             : exinfo->suggestedsoundtype = 5
[LOG] SystemI::createSoundInternal             : exinfo->useropen           = 00007FFE1308D480
[LOG] SystemI::createSoundInternal             : exinfo->userclose          = 00007FFE1308D440
[LOG] SystemI::createSoundInternal             : exinfo->userread           = 00007FFE1308D560
[LOG] SystemI::createSoundInternal             : exinfo->userseek           = 00007FFE1308D620
[LOG] SystemI::createSoundInternal             : exinfo->fileuserdata       = 000001C70D6B97E8
[LOG] SystemI::createSoundInternal             : exinfo->initialseekpostype = 1
[LOG] SystemI::DSPCodecPoolRegister            : register codec pool for pool type 4
[LOG] SystemI::createSoundInternal             : Sample 0/1: name='sfx_cyan_tile_wave_normal_var_1', format=5, channels=2, frequency=48000, lengthbytes=23136, lengthpcm=72000, pcmblocksize=0, loopstart=0, loopend=0, mode=0x00000000, channelmask=0x00000000, channelorder=0, peakvolume=0.291204.
[LOG] SystemI::createSoundInternal             : Create name='', mode=0x02000202
[LOG] SystemI::createSoundInternal             : exinfo->cbsize             = 224
[LOG] SystemI::createSoundInternal             : exinfo->length             = 3846496
[LOG] SystemI::createSoundInternal             : exinfo->fileoffset         = 52448
[LOG] SystemI::createSoundInternal             : exinfo->numsubsounds       = 1
[LOG] SystemI::createSoundInternal             : exinfo->inclusionlist      = 0000003633A4EC58
[LOG] SystemI::createSoundInternal             : exinfo->inclusionlistnum   = 1
[LOG] SystemI::createSoundInternal             : exinfo->suggestedsoundtype = 5
[LOG] SystemI::createSoundInternal             : exinfo->useropen           = 00007FFE1308D480
[LOG] SystemI::createSoundInternal             : exinfo->userclose          = 00007FFE1308D440
[LOG] SystemI::createSoundInternal             : exinfo->userread           = 00007FFE1308D560
[LOG] SystemI::createSoundInternal             : exinfo->userseek           = 00007FFE1308D620
[LOG] SystemI::createSoundInternal             : exinfo->fileuserdata       = 000001C70D6B97E8
[LOG] SystemI::createSoundInternal             : exinfo->initialseekpostype = 1
[LOG] SystemI::DSPCodecPoolRegister            : register codec pool for pool type 4
[LOG] SystemI::createSoundInternal             : Sample 0/1: name='sfx_cyan_tile_wave_weak_var_2', format=5, channels=2, frequency=48000, lengthbytes=19840, lengthpcm=72000, pcmblocksize=0, loopstart=0, loopend=0, mode=0x00000000, channelmask=0x00000000, channelorder=0, peakvolume=0.330863.
[LOG] SystemI::createSoundInternal             : Create name='', mode=0x02000202
[LOG] SystemI::createSoundInternal             : exinfo->cbsize             = 224
[LOG] SystemI::createSoundInternal             : exinfo->length             = 3846496
[LOG] SystemI::createSoundInternal             : exinfo->fileoffset         = 52448
[LOG] SystemI::createSoundInternal             : exinfo->numsubsounds       = 1
[LOG] SystemI::createSoundInternal             : exinfo->inclusionlist      = 0000003633A4EC58
[LOG] SystemI::createSoundInternal             : exinfo->inclusionlistnum   = 1
[LOG] SystemI::createSoundInternal             : exinfo->suggestedsoundtype = 5
[LOG] SystemI::createSoundInternal             : exinfo->useropen           = 00007FFE1308D480
[LOG] SystemI::createSoundInternal             : exinfo->userclose          = 00007FFE1308D440
[LOG] SystemI::createSoundInternal             : exinfo->userread           = 00007FFE1308D560
[LOG] SystemI::createSoundInternal             : exinfo->userseek           = 00007FFE1308D620
[LOG] SystemI::createSoundInternal             : exinfo->fileuserdata       = 000001C70D6B97E8
[LOG] SystemI::createSoundInternal             : exinfo->initialseekpostype = 1
[LOG] SystemI::DSPCodecPoolRegister            : register codec pool for pool type 4
[LOG] SystemI::createSoundInternal             : Sample 0/1: name='sfx_cyan_tile_wave_weak_var_1', format=5, channels=2, frequency=48000, lengthbytes=19360, lengthpcm=72000, pcmblocksize=0, loopstart=0, loopend=0, mode=0x00000000, channelmask=0x00000000, channelorder=0, peakvolume=0.320072.
[LOG] SystemI::createSoundInternal             : Create name='', mode=0x02000202
[LOG] SystemI::createSoundInternal             : exinfo->cbsize             = 224
[LOG] SystemI::createSoundInternal             : exinfo->length             = 3846496
[LOG] SystemI::createSoundInternal             : exinfo->fileoffset         = 52448
[LOG] SystemI::createSoundInternal             : exinfo->numsubsounds       = 1
[LOG] SystemI::createSoundInternal             : exinfo->inclusionlist      = 0000003633A4EC58
[LOG] SystemI::createSoundInternal             : exinfo->inclusionlistnum   = 1
[LOG] SystemI::createSoundInternal             : exinfo->suggestedsoundtype = 5
[LOG] SystemI::createSoundInternal             : exinfo->useropen           = 00007FFE1308D480
[LOG] SystemI::createSoundInternal             : exinfo->userclose          = 00007FFE1308D440
[LOG] SystemI::createSoundInternal             : exinfo->userread           = 00007FFE1308D560
[LOG] SystemI::createSoundInternal             : exinfo->userseek           = 00007FFE1308D620
[LOG] SystemI::createSoundInternal             : exinfo->fileuserdata       = 000001C70D6B97E8
[LOG] SystemI::createSoundInternal             : exinfo->initialseekpostype = 1
[LOG] SystemI::DSPCodecPoolRegister            : register codec pool for pool type 4
[LOG] SystemI::createSoundInternal             : Sample 0/1: name='sfx_red_tile_wave_weak_var_1', format=5, channels=2, frequency=48000, lengthbytes=20064, lengthpcm=72000, pcmblocksize=0, loopstart=0, loopend=0, mode=0x00000000, channelmask=0x00000000, channelorder=0, peakvolume=0.346316.
[LOG] SystemI::createSoundInternal             : Create name='', mode=0x02000202
[LOG] SystemI::createSoundInternal             : exinfo->cbsize             = 224
[LOG] SystemI::createSoundInternal             : exinfo->length             = 3846496
[LOG] SystemI::createSoundInternal             : exinfo->fileoffset         = 52448
[LOG] SystemI::createSoundInternal             : exinfo->numsubsounds       = 1
[LOG] SystemI::createSoundInternal             : exinfo->inclusionlist      = 0000003633A4EC58
[LOG] SystemI::createSoundInternal             : exinfo->inclusionlistnum   = 1
[LOG] SystemI::createSoundInternal             : exinfo->suggestedsoundtype = 5
[LOG] SystemI::createSoundInternal             : exinfo->useropen           = 00007FFE1308D480
[LOG] SystemI::createSoundInternal             : exinfo->userclose          = 00007FFE1308D440
[LOG] SystemI::createSoundInternal             : exinfo->userread           = 00007FFE1308D560
[LOG] SystemI::createSoundInternal             : exinfo->userseek           = 00007FFE1308D620
[LOG] SystemI::createSoundInternal             : exinfo->fileuserdata       = 000001C70D6B97E8
[LOG] SystemI::createSoundInternal             : exinfo->initialseekpostype = 1
[LOG] SystemI::DSPCodecPoolRegister            : register codec pool for pool type 4
[LOG] SystemI::createSoundInternal             : Sample 0/1: name='sfx_red_tile_wave_normal_var_1', format=5, channels=2, frequency=48000, lengthbytes=22368, lengthpcm=72000, pcmblocksize=0, loopstart=0, loopend=0, mode=0x00000000, channelmask=0x00000000, channelorder=0, peakvolume=0.322466.
[LOG] SystemI::createSoundInternal             : Create name='', mode=0x02000202
[LOG] SystemI::createSoundInternal             : exinfo->cbsize             = 224
[LOG] SystemI::createSoundInternal             : exinfo->length             = 3846496
[LOG] SystemI::createSoundInternal             : exinfo->fileoffset         = 52448
[LOG] SystemI::createSoundInternal             : exinfo->numsubsounds       = 1
[LOG] SystemI::createSoundInternal             : exinfo->inclusionlist      = 0000003633A4EC58
[LOG] SystemI::createSoundInternal             : exinfo->inclusionlistnum   = 1
[LOG] SystemI::createSoundInternal             : exinfo->suggestedsoundtype = 5
[LOG] SystemI::createSoundInternal             : exinfo->useropen           = 00007FFE1308D480
[LOG] SystemI::createSoundInternal             : exinfo->userclose          = 00007FFE1308D440
[LOG] SystemI::createSoundInternal             : exinfo->userread           = 00007FFE1308D560
[LOG] SystemI::createSoundInternal             : exinfo->userseek           = 00007FFE1308D620
[LOG] SystemI::createSoundInternal             : exinfo->fileuserdata       = 000001C70D6B97E8
[LOG] SystemI::createSoundInternal             : exinfo->initialseekpostype = 1
[LOG] SystemI::DSPCodecPoolRegister            : register codec pool for pool type 4
[LOG] SystemI::createSoundInternal             : Sample 0/1: name='sfx_red_tile_wave_normal_var_2', format=5, channels=2, frequency=48000, lengthbytes=28320, lengthpcm=96000, pcmblocksize=0, loopstart=0, loopend=0, mode=0x00000000, channelmask=0x00000000, channelorder=0, peakvolume=0.299205.
[LOG] SystemI::createSoundInternal             : Create name='', mode=0x02000202
[LOG] SystemI::createSoundInternal             : exinfo->cbsize             = 224
[LOG] SystemI::createSoundInternal             : exinfo->length             = 3846496
[LOG] SystemI::createSoundInternal             : exinfo->fileoffset         = 52448
[LOG] SystemI::createSoundInternal             : exinfo->numsubsounds       = 1
[LOG] SystemI::createSoundInternal             : exinfo->inclusionlist      = 0000003633A4EC58
[LOG] SystemI::createSoundInternal             : exinfo->inclusionlistnum   = 1
[LOG] SystemI::createSoundInternal             : exinfo->suggestedsoundtype = 5
[LOG] SystemI::createSoundInternal             : exinfo->useropen           = 00007FFE1308D480
[LOG] SystemI::createSoundInternal             : exinfo->userclose          = 00007FFE1308D440
[LOG] SystemI::createSoundInternal             : exinfo->userread           = 00007FFE1308D560
[LOG] SystemI::createSoundInternal             : exinfo->userseek           = 00007FFE1308D620
[LOG] SystemI::createSoundInternal             : exinfo->fileuserdata       = 000001C70D6B97E8
[LOG] SystemI::createSoundInternal             : exinfo->initialseekpostype = 1
[LOG] SystemI::DSPCodecPoolRegister            : register codec pool for pool type 4
[LOG] SystemI::createSoundInternal             : Sample 0/1: name='sfx_red_tile_wave_strong_var_2', format=5, channels=2, frequency=48000, lengthbytes=27872, lengthpcm=96000, pcmblocksize=0, loopstart=0, loopend=0, mode=0x00000000, channelmask=0x00000000, channelorder=0, peakvolume=0.376340.
[LOG] SystemI::createSoundInternal             : Create name='', mode=0x02000202
[LOG] SystemI::createSoundInternal             : exinfo->cbsize             = 224
[LOG] SystemI::createSoundInternal             : exinfo->length             = 3846496
[LOG] SystemI::createSoundInternal             : exinfo->fileoffset         = 52448
[LOG] SystemI::createSoundInternal             : exinfo->numsubsounds       = 1
[LOG] SystemI::createSoundInternal             : exinfo->inclusionlist      = 0000003633A4EC58
[LOG] SystemI::createSoundInternal             : exinfo->inclusionlistnum   = 1
[LOG] SystemI::createSoundInternal             : exinfo->suggestedsoundtype = 5
[LOG] SystemI::createSoundInternal             : exinfo->useropen           = 00007FFE1308D480
[LOG] SystemI::createSoundInternal             : exinfo->userclose          = 00007FFE1308D440
[LOG] SystemI::createSoundInternal             : exinfo->userread           = 00007FFE1308D560
[LOG] SystemI::createSoundInternal             : exinfo->userseek           = 00007FFE1308D620
[LOG] SystemI::createSoundInternal             : exinfo->fileuserdata       = 000001C70D6B97E8
[LOG] SystemI::createSoundInternal             : exinfo->initialseekpostype = 1
[LOG] SystemI::DSPCodecPoolRegister            : register codec pool for pool type 4
[LOG] SystemI::createSoundInternal             : Sample 0/1: name='sfx_red_tile_wave_strong_var_1', format=5, channels=2, frequency=48000, lengthbytes=28512, lengthpcm=96000, pcmblocksize=0, loopstart=0, loopend=0, mode=0x00000000, channelmask=0x00000000, channelorder=0, peakvolume=0.420973.
[LOG] SystemI::createSoundInternal             : Create name='', mode=0x02000202
[LOG] SystemI::createSoundInternal             : exinfo->cbsize             = 224
[LOG] SystemI::createSoundInternal             : exinfo->length             = 3846496
[LOG] SystemI::createSoundInternal             : exinfo->fileoffset         = 52448
[LOG] SystemI::createSoundInternal             : exinfo->numsubsounds       = 1
[LOG] SystemI::createSoundInternal             : exinfo->inclusionlist      = 0000003633A4EC58
[LOG] SystemI::createSoundInternal             : exinfo->inclusionlistnum   = 1
[LOG] SystemI::createSoundInternal             : exinfo->suggestedsoundtype = 5
[LOG] SystemI::createSoundInternal             : exinfo->useropen           = 00007FFE1308D480
[LOG] SystemI::createSoundInternal             : exinfo->userclose          = 00007FFE1308D440
[LOG] SystemI::createSoundInternal             : exinfo->userread           = 00007FFE1308D560
[LOG] SystemI::createSoundInternal             : exinfo->userseek           = 00007FFE1308D620
[LOG] SystemI::createSoundInternal             : exinfo->fileuserdata       = 000001C70D6B97E8
[LOG] SystemI::createSoundInternal             : exinfo->initialseekpostype = 1
[LOG] SystemI::DSPCodecPoolRegister            : register codec pool for pool type 4
[LOG] SystemI::createSoundInternal             : Sample 0/1: name='sfx_red_tile_wave_weak_var_2', format=5, channels=2, frequency=48000, lengthbytes=20448, lengthpcm=72000, pcmblocksize=0, loopstart=0, loopend=0, mode=0x00000000, channelmask=0x00000000, channelorder=0, peakvolume=0.319135.
[LOG] SoundI::release                          :  (000001C70832DB78)
[LOG] SoundI::release                          :     sfx_place_skill_color (000001C6B90EF398)
[LOG] SoundI::release                          :  (000001C625C88008)
[LOG] SoundI::release                          :     sfx_cyan_tile_wave_weak_var_1 (000001C6E1380E18)
[LOG] SoundI::release                          :  (000001C625C87EA8)
[LOG] SoundI::release                          :     sfx_cyan_tile_wave_weak_var_2 (000001C6E1380C98)
[LOG] SoundI::release                          :  (000001C625C88B08)
[LOG] SoundI::release                          :     sfx_cyan_tile_wave_strong_var_1 (000001C6E1380B18)
[LOG] SystemI::createSoundInternal             : Create name='', mode=0x02000202
[LOG] SystemI::createSoundInternal             : exinfo->cbsize             = 224
[LOG] SystemI::createSoundInternal             : exinfo->length             = 3846496
[LOG] SystemI::createSoundInternal             : exinfo->fileoffset         = 52448
[LOG] SystemI::createSoundInternal             : exinfo->numsubsounds       = 1
[LOG] SystemI::createSoundInternal             : exinfo->inclusionlist      = 0000003633A4EC58
[LOG] SystemI::createSoundInternal             : exinfo->inclusionlistnum   = 1
[LOG] SystemI::createSoundInternal             : exinfo->suggestedsoundtype = 5
[LOG] SystemI::createSoundInternal             : exinfo->useropen           = 00007FFE1308D480
[LOG] SystemI::createSoundInternal             : exinfo->userclose          = 00007FFE1308D440
[LOG] SystemI::createSoundInternal             : exinfo->userread           = 00007FFE1308D560
[LOG] SystemI::createSoundInternal             : exinfo->userseek           = 00007FFE1308D620
[LOG] SystemI::createSoundInternal             : exinfo->fileuserdata       = 000001C72208B4D8
[LOG] SystemI::createSoundInternal             : exinfo->initialseekpostype = 1
[LOG] SystemI::DSPCodecPoolRegister            : register codec pool for pool type 4
[LOG] SystemI::createSoundInternal             : Sample 0/1: name='sfx_blue_tile_wave_normal_var_2', format=5, channels=2, frequency=48000, lengthbytes=22880, lengthpcm=72000, pcmblocksize=0, loopstart=0, loopend=0, mode=0x00000000, channelmask=0x00000000, channelorder=0, peakvolume=0.251708.
[LOG] SystemI::createSoundInternal             : Create name='', mode=0x02000202
[LOG] SystemI::createSoundInternal             : exinfo->cbsize             = 224
[LOG] SystemI::createSoundInternal             : exinfo->length             = 3846496
[LOG] SystemI::createSoundInternal             : exinfo->fileoffset         = 52448
[LOG] SystemI::createSoundInternal             : exinfo->numsubsounds       = 1
[LOG] SystemI::createSoundInternal             : exinfo->inclusionlist      = 0000003633A4EC58
[LOG] SystemI::createSoundInternal             : exinfo->inclusionlistnum   = 1
[LOG] SystemI::createSoundInternal             : exinfo->suggestedsoundtype = 5
[LOG] SystemI::createSoundInternal             : exinfo->useropen           = 00007FFE1308D480
[LOG] SystemI::createSoundInternal             : exinfo->userclose          = 00007FFE1308D440
[LOG] SystemI::createSoundInternal             : exinfo->userread           = 00007FFE1308D560
[LOG] SystemI::createSoundInternal             : exinfo->userseek           = 00007FFE1308D620
[LOG] SystemI::createSoundInternal             : exinfo->fileuserdata       = 000001C72208B4D8
[LOG] SystemI::createSoundInternal             : exinfo->initialseekpostype = 1
[LOG] SystemI::DSPCodecPoolRegister            : register codec pool for pool type 4
[LOG] SystemI::createSoundInternal             : Sample 0/1: name='sfx_blue_tile_wave_strong_var_1', format=5, channels=2, frequency=48000, lengthbytes=22848, lengthpcm=72000, pcmblocksize=0, loopstart=0, loopend=0, mode=0x00000000, channelmask=0x00000000, channelorder=0, peakvolume=0.354250.
[LOG] SystemI::createSoundInternal             : Create name='', mode=0x02000202
[LOG] SystemI::createSoundInternal             : exinfo->cbsize             = 224
[LOG] SystemI::createSoundInternal             : exinfo->length             = 3846496
[LOG] SystemI::createSoundInternal             : exinfo->fileoffset         = 52448
[LOG] SystemI::createSoundInternal             : exinfo->numsubsounds       = 1
[LOG] SystemI::createSoundInternal             : exinfo->inclusionlist      = 0000003633A4EC58
[LOG] SystemI::createSoundInternal             : exinfo->inclusionlistnum   = 1
[LOG] SystemI::createSoundInternal             : exinfo->suggestedsoundtype = 5
[LOG] SystemI::createSoundInternal             : exinfo->useropen           = 00007FFE1308D480
[LOG] SystemI::createSoundInternal             : exinfo->userclose          = 00007FFE1308D440
[LOG] SystemI::createSoundInternal             : exinfo->userread           = 00007FFE1308D560
[LOG] SystemI::createSoundInternal             : exinfo->userseek           = 00007FFE1308D620
[LOG] SystemI::createSoundInternal             : exinfo->fileuserdata       = 000001C72208B4D8
[LOG] SystemI::createSoundInternal             : exinfo->initialseekpostype = 1
[LOG] SystemI::DSPCodecPoolRegister            : register codec pool for pool type 4
[LOG] SystemI::createSoundInternal             : Sample 0/1: name='sfx_blue_tile_wave_weak_var_2', format=5, channels=2, frequency=48000, lengthbytes=18496, lengthpcm=72000, pcmblocksize=0, loopstart=0, loopend=0, mode=0x00000000, channelmask=0x00000000, channelorder=0, peakvolume=0.313334.
[LOG] SystemI::createSoundInternal             : Create name='', mode=0x02000202
[LOG] SystemI::createSoundInternal             : exinfo->cbsize             = 224
[LOG] SystemI::createSoundInternal             : exinfo->length             = 3846496
[LOG] SystemI::createSoundInternal             : exinfo->fileoffset         = 52448
[LOG] SystemI::createSoundInternal             : exinfo->numsubsounds       = 1
[LOG] SystemI::createSoundInternal             : exinfo->inclusionlist      = 0000003633A4EC58
[LOG] SystemI::createSoundInternal             : exinfo->inclusionlistnum   = 1
[LOG] SystemI::createSoundInternal             : exinfo->suggestedsoundtype = 5
[LOG] SystemI::createSoundInternal             : exinfo->useropen           = 00007FFE1308D480
[LOG] SystemI::createSoundInternal             : exinfo->userclose          = 00007FFE1308D440
[LOG] SystemI::createSoundInternal             : exinfo->userread           = 00007FFE1308D560
[LOG] SystemI::createSoundInternal             : exinfo->userseek           = 00007FFE1308D620
[LOG] SystemI::createSoundInternal             : exinfo->fileuserdata       = 000001C72208B4D8
[LOG] SystemI::createSoundInternal             : exinfo->initialseekpostype = 1
[LOG] SystemI::DSPCodecPoolRegister            : register codec pool for pool type 4
[LOG] SystemI::createSoundInternal             : Sample 0/1: name='sfx_blue_tile_wave_strong_var_2', format=5, channels=2, frequency=48000, lengthbytes=22592, lengthpcm=72000, pcmblocksize=0, loopstart=0, loopend=0, mode=0x00000000, channelmask=0x00000000, channelorder=0, peakvolume=0.251127.
[LOG] SystemI::createSoundInternal             : Create name='', mode=0x02000202
[LOG] SystemI::createSoundInternal             : exinfo->cbsize             = 224
[LOG] SystemI::createSoundInternal             : exinfo->length             = 3846496
[LOG] SystemI::createSoundInternal             : exinfo->fileoffset         = 52448
[LOG] SystemI::createSoundInternal             : exinfo->numsubsounds       = 1
[LOG] SystemI::createSoundInternal             : exinfo->inclusionlist      = 0000003633A4EC58
[LOG] SystemI::createSoundInternal             : exinfo->inclusionlistnum   = 1
[LOG] SystemI::createSoundInternal             : exinfo->suggestedsoundtype = 5
[LOG] SystemI::createSoundInternal             : exinfo->useropen           = 00007FFE1308D480
[LOG] SystemI::createSoundInternal             : exinfo->userclose          = 00007FFE1308D440
[LOG] SystemI::createSoundInternal             : exinfo->userread           = 00007FFE1308D560
[LOG] SystemI::createSoundInternal             : exinfo->userseek           = 00007FFE1308D620
[LOG] SystemI::createSoundInternal             : exinfo->fileuserdata       = 000001C72208B4D8
[LOG] SystemI::createSoundInternal             : exinfo->initialseekpostype = 1
[LOG] SystemI::DSPCodecPoolRegister            : register codec pool for pool type 4
[LOG] SystemI::createSoundInternal             : Sample 0/1: name='sfx_blue_tile_wave_weak_var_1', format=5, channels=2, frequency=48000, lengthbytes=18592, lengthpcm=72000, pcmblocksize=0, loopstart=0, loopend=0, mode=0x00000000, channelmask=0x00000000, channelorder=0, peakvolume=0.338235.
[LOG] SystemI::createSoundInternal             : Create name='', mode=0x02000202
[LOG] SystemI::createSoundInternal             : exinfo->cbsize             = 224
[LOG] SystemI::createSoundInternal             : exinfo->length             = 3846496
[LOG] SystemI::createSoundInternal             : exinfo->fileoffset         = 52448
[LOG] SystemI::createSoundInternal             : exinfo->numsubsounds       = 1
[LOG] SystemI::createSoundInternal             : exinfo->inclusionlist      = 0000003633A4EC58
[LOG] SystemI::createSoundInternal             : exinfo->inclusionlistnum   = 1
[LOG] SystemI::createSoundInternal             : exinfo->suggestedsoundtype = 5
[LOG] SystemI::createSoundInternal             : exinfo->useropen           = 00007FFE1308D480
[LOG] SystemI::createSoundInternal             : exinfo->userclose          = 00007FFE1308D440
[LOG] SystemI::createSoundInternal             : exinfo->userread           = 00007FFE1308D560
[LOG] SystemI::createSoundInternal             : exinfo->userseek           = 00007FFE1308D620
[LOG] SystemI::createSoundInternal             : exinfo->fileuserdata       = 000001C72208B4D8
[LOG] SystemI::createSoundInternal             : exinfo->initialseekpostype = 1
[LOG] SystemI::DSPCodecPoolRegister            : register codec pool for pool type 4
[LOG] SystemI::createSoundInternal             : Sample 0/1: name='sfx_blue_tile_wave_normal_var_1', format=5, channels=2, frequency=48000, lengthbytes=22784, lengthpcm=72000, pcmblocksize=0, loopstart=0, loopend=0, mode=0x00000000, channelmask=0x00000000, channelorder=0, peakvolume=0.282430.
[LOG] SoundI::release                          :  (000001C625C88588)
[LOG] SoundI::release                          :     sfx_cyan_tile_wave_strong_var_2 (000001C6E1380698)
[LOG] SoundI::release                          :  (000001C625C88C68)
[LOG] SoundI::release                          :     sfx_cyan_tile_wave_normal_var_1 (000001C6E1380818)
[LOG] SoundI::release                          :  (000001C625C886E8)
[LOG] SoundI::release                          :     sfx_cyan_tile_wave_normal_var_2 (000001C6E1380518)
[LOG] SoundI::release                          :  (000001C6B24579F8)
[LOG] SoundI::release                          :     sfx_red_tile_wave_strong_var_1 (000001C69DE741F8)
[LOG] SoundI::release                          :  (000001C625C882C8)
[LOG] SoundI::release                          :     sfx_red_tile_wave_strong_var_2 (000001C69DE74978)
[LOG] SystemI::createSoundInternal             : Create name='', mode=0x02000202
[LOG] SystemI::createSoundInternal             : exinfo->cbsize             = 224
[LOG] SystemI::createSoundInternal             : exinfo->length             = 3846496
[LOG] SystemI::createSoundInternal             : exinfo->fileoffset         = 52448
[LOG] SystemI::createSoundInternal             : exinfo->numsubsounds       = 1
[LOG] SystemI::createSoundInternal             : exinfo->inclusionlist      = 0000003633A4EC58
[LOG] SystemI::createSoundInternal             : exinfo->inclusionlistnum   = 1
[LOG] SystemI::createSoundInternal             : exinfo->suggestedsoundtype = 5
[LOG] SystemI::createSoundInternal             : exinfo->useropen           = 00007FFE1308D480
[LOG] SystemI::createSoundInternal             : exinfo->userclose          = 00007FFE1308D440
[LOG] SystemI::createSoundInternal             : exinfo->userread           = 00007FFE1308D560
[LOG] SystemI::createSoundInternal             : exinfo->userseek           = 00007FFE1308D620
[LOG] SystemI::createSoundInternal             : exinfo->fileuserdata       = 000001C72208D5D8
[LOG] SystemI::createSoundInternal             : exinfo->initialseekpostype = 1
[LOG] SystemI::DSPCodecPoolRegister            : register codec pool for pool type 4
[LOG] SystemI::createSoundInternal             : Sample 0/1: name='sfx_player_hurt_var_1', format=5, channels=2, frequency=48000, lengthbytes=13056, lengthpcm=48000, pcmblocksize=0, loopstart=0, loopend=0, mode=0x00000000, channelmask=0x00000000, channelorder=0, peakvolume=0.422254.
[LOG] SystemI::createSoundInternal             : Create name='', mode=0x02000202
[LOG] SystemI::createSoundInternal             : exinfo->cbsize             = 224
[LOG] SystemI::createSoundInternal             : exinfo->length             = 3846496
[LOG] SystemI::createSoundInternal             : exinfo->fileoffset         = 52448
[LOG] SystemI::createSoundInternal             : exinfo->numsubsounds       = 1
[LOG] SystemI::createSoundInternal             : exinfo->inclusionlist      = 0000003633A4EC58
[LOG] SystemI::createSoundInternal             : exinfo->inclusionlistnum   = 1
[LOG] SystemI::createSoundInternal             : exinfo->suggestedsoundtype = 5
[LOG] SystemI::createSoundInternal             : exinfo->useropen           = 00007FFE1308D480
[LOG] SystemI::createSoundInternal             : exinfo->userclose          = 00007FFE1308D440
[LOG] SystemI::createSoundInternal             : exinfo->userread           = 00007FFE1308D560
[LOG] SystemI::createSoundInternal             : exinfo->userseek           = 00007FFE1308D620
[LOG] SystemI::createSoundInternal             : exinfo->fileuserdata       = 000001C72208D5D8
[LOG] SystemI::createSoundInternal             : exinfo->initialseekpostype = 1
[LOG] SystemI::DSPCodecPoolRegister            : register codec pool for pool type 4
[LOG] SystemI::createSoundInternal             : Sample 0/1: name='sfx_player_hurt_var_2', format=5, channels=2, frequency=48000, lengthbytes=12992, lengthpcm=48000, pcmblocksize=0, loopstart=0, loopend=0, mode=0x00000000, channelmask=0x00000000, channelorder=0, peakvolume=0.379621.
[LOG] SoundI::release                          :  (000001C625C889A8)
[LOG] SoundI::release                          :     sfx_red_tile_wave_normal_var_1 (000001C6B192BB38)
[LOG] SoundI::release                          : wave_mus_level_first_loop (000001C6A2323098)
[LOG] SoundI::release                          :     wave_mus_level_first_loop (000001C6BED3CC98)
[LOG] SoundI::release                          :     wave_mus_level_first_loop (000001C707E3F398)
[LOG] SoundI::release                          :  (000001C625C88168)
[LOG] SoundI::release                          :     sfx_red_tile_wave_normal_var_2 (000001C6B192BCB8)
[LOG] SoundI::release                          :  (000001C625C88848)
[LOG] SoundI::release                          :     sfx_red_tile_wave_weak_var_1 (000001C6E1380998)
[LOG] SoundI::release                          :  (000001C6B24580D8)
[LOG] SoundI::release                          :     sfx_red_tile_wave_weak_var_2 (000001C69DE74378)
[LOG] SoundI::release                          :  (000001C70832D758)
[LOG] SoundI::release                          :     sfx_shield_attack (000001C6B90EF518)
[LOG] SoundI::release                          :  (000001C6B354F668)
[LOG] SoundI::release                          :     sfx_blue_tile_wave_strong_var_1 (000001C6B0CB6238)
[LOG] SoundI::release                          :  (000001C6B354F7C8)
[LOG] SoundI::release                          :     sfx_blue_tile_wave_strong_var_2 (000001C6BEC16878)
[LOG] SoundI::release                          :  (000001C6B354F0E8)
[LOG] SoundI::release                          :     sfx_blue_tile_wave_normal_var_1 (000001C6BEC163F8)
[LOG] SoundI::release                          :  (000001C6B354F508)
[LOG] SoundI::release                          :     sfx_blue_tile_wave_normal_var_2 (000001C625FC3468)
[LOG] SoundI::release                          :  (000001C6B354ECC8)
[LOG] SoundI::release                          :     sfx_blue_tile_wave_weak_var_1 (000001C6BEC160F8)
[LOG] SoundI::release                          :  (000001C6B354FA88)
[LOG] SoundI::release                          :     sfx_blue_tile_wave_weak_var_2 (000001C6BEC16CF8)
[LOG] SoundI::release                          :  (000001C708B4D4A8)
[LOG] SoundI::release                          :     sfx_player_hurt_var_1 (000001C6BEC169F8)
[LOG] SoundI::release                          :  (000001C708B4D608)
[LOG] SoundI::release                          :     sfx_player_hurt_var_2 (000001C6BEC166F8)
[LOG] Thread::callback                         : FMOD Studio update thread finished.
[LOG] Thread::callback                         : FMOD Studio bank load thread finished.
[LOG] Profile::disconnectAll                   : Profiler disconnecting all clients
[LOG] Thread::callback                         : FMOD Studio sample load thread finished.
[LOG] LiveUpdate::release                      : 
[LOG] LiveUpdate::reset                        : Reset connection (reason Disconnected)
[LOG] Thread::callback                         : FMOD stream thread finished.
[LOG] Thread::callback                         : FMOD mixer thread finished.
[LOG] Profile::disconnectAll                   : Profiler disconnecting all clients
[LOG] SystemI::closeInternal                   : Closed.
[LOG] Thread::callback                         : FMOD Studio bank load thread finished.
[LOG] Thread::callback                         : FMOD Studio sample load thread finished.
[LOG] LiveUpdate::release                      : 
[LOG] LiveUpdate::reset                        : Reset connection (reason Disconnected)
[LOG] Thread::callback                         : FMOD stream thread finished.
[LOG] Thread::callback                         : FMOD mixer thread finished.
[LOG] SystemI::closeInternal                   : Closed.
[LOG] Thread::callback                         : FMOD nonblocking thread (0) finished.
[LOG] Thread::callback                         : FMOD file thread finished.
